Copyright 1986-2022 Xilinx, Inc. All Rights Reserved. Copyright 2022-2025 Advanced Micro Devices, Inc. All Rights Reserved.
-----------------------------------------------------------------------------------------------------------------------------------------------
| Tool Version : Vivado v.2025.2 (lin64) Build 6299465 Fri Nov 14 12:34:56 MST 2025
| Date         : Wed Jul 29 19:32:08 2026
| Host         : fedora.home running 64-bit unknown
| Command      : report_utilization -hierarchical -file /home/tim/projects/uart/synthesis/results/impl/uart_utilization_hierarchical_place.rpt
| Design       : TOP_FPGA
| Device       : xc7z020clg484-1
| Speed File   : -1
| Design State : Fully Placed
-----------------------------------------------------------------------------------------------------------------------------------------------

Utilization Design Information

Table of Contents
-----------------
1. Utilization by Hierarchy

1. Utilization by Hierarchy
---------------------------

+---------------------------------+----------------------+------------+------------+---------+------+-----+--------+--------+------------+
|             Instance            |        Module        | Total LUTs | Logic LUTs | LUTRAMs | SRLs | FFs | RAMB36 | RAMB18 | DSP Blocks |
+---------------------------------+----------------------+------------+------------+---------+------+-----+--------+--------+------------+
| TOP_FPGA                        |                (top) |        441 |        441 |       0 |    0 | 645 |      0 |      0 |          0 |
|   (TOP_FPGA)                    |                (top) |          1 |          1 |       0 |    0 |   1 |      0 |      0 |          0 |
|   inst_reglock                  |             regblock |        243 |        243 |       0 |    0 | 304 |      0 |      0 |          0 |
|   inst_uart_axi_lite_bridge     | UART_AXI_LITE_BRIDGE |        131 |        131 |       0 |    0 | 170 |      0 |      0 |          0 |
|     (inst_uart_axi_lite_bridge) | UART_AXI_LITE_BRIDGE |          3 |          3 |       0 |    0 |  88 |      0 |      0 |          0 |
|     inst_uart_rx                |              UART_RX |         81 |         81 |       0 |    0 |  56 |      0 |      0 |          0 |
|   inst_vga                      |       VGA_CONTROLLER |         47 |         47 |       0 |    0 | 100 |      0 |      0 |          0 |
|     inst_olo_base_cc_status     |   olo_base_cc_status |         18 |         18 |       0 |    0 |  65 |      0 |      0 |          0 |
+---------------------------------+----------------------+------------+------------+---------+------+-----+--------+--------+------------+
* Note: The sum of lower-level cells may be larger than their parent cells total, due to cross-hierarchy LUT combining
