Copyright 1986-2022 Xilinx, Inc. All Rights Reserved. Copyright 2022-2025 Advanced Micro Devices, Inc. All Rights Reserved.
---------------------------------------------------------------------------------------------------------------------------------------------
| Tool Version : Vivado v.2025.2 (lin64) Build 6299465 Fri Nov 14 12:34:56 MST 2025
| Date         : Sun Sep 27 18:48:27 2026
| Host         : fedora1.home running 64-bit unknown
| Command      : report_control_sets -verbose -file /home/tim/projects/uart/synthesis/results/impl/uart_control_sets.rpt
| Design       : TOP_FPGA
| Device       : xc7z020
---------------------------------------------------------------------------------------------------------------------------------------------

Control Set Information

Table of Contents
-----------------
1. Summary
2. Histogram
3. Flip-Flop Distribution
4. Detailed Control Set Information

1. Summary
----------

+----------------------------------------------------------+-------+
|                          Status                          | Count |
+----------------------------------------------------------+-------+
| Total control sets                                       |    46 |
|    Minimum number of control sets                        |    46 |
|    Addition due to synthesis replication                 |     0 |
|    Addition due to physical synthesis replication        |     0 |
| Unused register locations in slices containing registers |   162 |
+----------------------------------------------------------+-------+
* Control sets can be merged at opt_design using control_set_merge or merge_equivalent_drivers
** Run report_qor_suggestions for automated merging and remapping suggestions


2. Histogram
------------

+--------------------+-------+
|       Fanout       | Count |
+--------------------+-------+
| Total control sets |    46 |
| >= 0 to < 4        |     8 |
| >= 4 to < 6        |    14 |
| >= 6 to < 8        |     2 |
| >= 8 to < 10       |     7 |
| >= 10 to < 12      |     1 |
| >= 12 to < 14      |     6 |
| >= 14 to < 16      |     0 |
| >= 16              |     8 |
+--------------------+-------+
* Control sets can be remapped at either synth_design or opt_design


3. Flip-Flop Distribution
-------------------------

+--------------+-----------------------+------------------------+-----------------+--------------+
| Clock Enable | Synchronous Set/Reset | Asynchronous Set/Reset | Total Registers | Total Slices |
+--------------+-----------------------+------------------------+-----------------+--------------+
| No           | No                    | No                     |              24 |           16 |
| No           | No                    | Yes                    |             241 |           72 |
| No           | Yes                   | No                     |              35 |           13 |
| Yes          | No                    | No                     |              24 |            5 |
| Yes          | No                    | Yes                    |             346 |           94 |
| Yes          | Yes                   | No                     |               0 |            0 |
+--------------+-----------------------+------------------------+-----------------+--------------+


4. Detailed Control Set Information
-----------------------------------

+----------------------------------------------+-------------------------------------------------------------------------------+-------------------------------------------------------------------+------------------+----------------+--------------+
|                 Clock Signal                 |                                 Enable Signal                                 |                          Set/Reset Signal                         | Slice Load Count | Bel Load Count | Bels / Slice |
+----------------------------------------------+-------------------------------------------------------------------------------+-------------------------------------------------------------------+------------------+----------------+--------------+
|  inst_CLK_RST_MANAGER/inst_pll/inst/clk_out2 |                                                                               | inst_vga/inst_olo_base_cc_status/i_bcc/i_rst/A_RstOut             |                1 |              1 |         1.00 |
|  inst_CLK_RST_MANAGER/inst_pll/inst/clk_out1 |                                                                               | inst_vga/inst_olo_base_cc_status/i_bcc/i_rst/B_RstOut             |                1 |              2 |         2.00 |
|  inst_CLK_RST_MANAGER/inst_pll/inst/clk_out2 |                                                                               | inst_vga/inst_olo_base_cc_status/i_scc/i_pulse_cc/i_rst/RstALatch |                1 |              3 |         3.00 |
|  inst_CLK_RST_MANAGER/inst_pll/inst/clk_out2 |                                                                               | inst_reglock/RstIn                                                |                1 |              3 |         3.00 |
|  inst_CLK_RST_MANAGER/inst_pll/inst/clk_out2 |                                                                               | inst_vga/inst_olo_base_cc_status/i_bcc/i_rst/RstBLatch            |                1 |              3 |         3.00 |
|  inst_CLK_RST_MANAGER/inst_pll/inst/clk_out1 |                                                                               | inst_reglock/RstIn                                                |                1 |              3 |         3.00 |
|  inst_CLK_RST_MANAGER/inst_pll/inst/clk_out1 |                                                                               | inst_vga/inst_olo_base_cc_status/i_bcc/i_rst/RstALatch            |                1 |              3 |         3.00 |
|  inst_CLK_RST_MANAGER/inst_pll/inst/clk_out1 |                                                                               | inst_vga/inst_olo_base_cc_status/i_scc/i_pulse_cc/i_rst/RstBLatch |                1 |              3 |         3.00 |
|  inst_CLK_RST_MANAGER/inst_pll/inst/clk_out1 | inst_uart_axi_lite_bridge/inst_uart_rx/O_DONE_reg[0]                          | inst_CLK_RST_MANAGER/inst_olo_base_sys_reset_gen/DsSync[2]        |                1 |              4 |         4.00 |
|  inst_CLK_RST_MANAGER/inst_pll/inst/clk_out1 | inst_uart_axi_lite_bridge/inst_uart_rx/oversample_counter[3]_i_1_n_0          | inst_CLK_RST_MANAGER/inst_olo_base_sys_reset_gen/DsSync[2]        |                1 |              4 |         4.00 |
|  inst_CLK_RST_MANAGER/inst_pll/inst/clk_out1 | inst_uart_axi_lite_bridge/inst_uart_rx/rx_byte_count_reg[2]_0[3]              | inst_CLK_RST_MANAGER/inst_olo_base_sys_reset_gen/DsSync[2]        |                1 |              4 |         4.00 |
|  inst_CLK_RST_MANAGER/inst_pll/inst/clk_out1 | inst_uart_axi_lite_bridge/inst_uart_rx/rx_byte_count_reg[2]_0[2]              | inst_CLK_RST_MANAGER/inst_olo_base_sys_reset_gen/DsSync[2]        |                1 |              4 |         4.00 |
|  inst_CLK_RST_MANAGER/inst_pll/inst/clk_out1 | inst_uart_axi_lite_bridge/inst_uart_rx/rx_byte_count_reg[2]_0[5]              | inst_CLK_RST_MANAGER/inst_olo_base_sys_reset_gen/DsSync[2]        |                1 |              4 |         4.00 |
|  inst_CLK_RST_MANAGER/inst_pll/inst/clk_out1 | inst_uart_axi_lite_bridge/inst_uart_rx/rx_byte_count_reg[2]_0[4]              | inst_CLK_RST_MANAGER/inst_olo_base_sys_reset_gen/DsSync[2]        |                1 |              4 |         4.00 |
|  inst_CLK_RST_MANAGER/inst_pll/inst/clk_out1 | inst_uart_axi_lite_bridge/inst_uart_rx/rx_byte_count_reg[2]_0[7]              | inst_CLK_RST_MANAGER/inst_olo_base_sys_reset_gen/DsSync[2]        |                1 |              4 |         4.00 |
|  inst_CLK_RST_MANAGER/inst_pll/inst/clk_out1 | inst_uart_axi_lite_bridge/inst_uart_rx/rx_byte_count_reg[2]_0[6]              | inst_CLK_RST_MANAGER/inst_olo_base_sys_reset_gen/DsSync[2]        |                1 |              4 |         4.00 |
|  inst_CLK_RST_MANAGER/inst_pll/inst/clk_out1 |                                                                               | inst_vga/inst_olo_base_cc_status/i_scc/i_pulse_cc/i_rst/A_RstOut  |                2 |              4 |         2.00 |
|  inst_CLK_RST_MANAGER/inst_pll/inst/clk_out1 | inst_uart_axi_lite_bridge/inst_uart_rx/FSM_sequential_current_state_reg[0][0] | inst_CLK_RST_MANAGER/inst_olo_base_sys_reset_gen/DsSync[2]        |                1 |              4 |         4.00 |
|  inst_CLK_RST_MANAGER/inst_pll/inst/clk_out1 | inst_uart_axi_lite_bridge/inst_uart_rx/rx_byte_count_reg[2]_0[0]              | inst_CLK_RST_MANAGER/inst_olo_base_sys_reset_gen/DsSync[2]        |                1 |              4 |         4.00 |
|  inst_CLK_RST_MANAGER/inst_pll/inst/clk_out1 | inst_uart_axi_lite_bridge/inst_uart_rx/rx_byte_count_reg[0]                   | inst_CLK_RST_MANAGER/inst_olo_base_sys_reset_gen/DsSync[2]        |                1 |              4 |         4.00 |
|  inst_CLK_RST_MANAGER/inst_pll/inst/clk_out1 | inst_uart_axi_lite_bridge/inst_uart_rx/rx_byte_count_reg[2]_0[1]              | inst_CLK_RST_MANAGER/inst_olo_base_sys_reset_gen/DsSync[2]        |                1 |              4 |         4.00 |
|  inst_CLK_RST_MANAGER/inst_pll/inst/clk_out2 |                                                                               | inst_vga/inst_olo_base_cc_status/i_scc/i_pulse_cc/i_rst/B_RstOut  |                2 |              4 |         2.00 |
|  inst_CLK_RST_MANAGER/inst_pll/inst/clk_out1 | inst_reglock/axil_awvalid_reg_0[0]                                            | inst_CLK_RST_MANAGER/inst_olo_base_sys_reset_gen/DsSync[2]        |                2 |              6 |         3.00 |
|  inst_CLK_RST_MANAGER/inst_pll/inst/clk_out1 | inst_reglock/axil_arvalid_reg_0[0]                                            | inst_CLK_RST_MANAGER/inst_olo_base_sys_reset_gen/DsSync[2]        |                2 |              6 |         3.00 |
|  inst_CLK_RST_MANAGER/inst_pll/inst/clk_out1 | inst_reglock/arst27_out                                                       | inst_CLK_RST_MANAGER/inst_olo_base_sys_reset_gen/DsSync[2]        |                3 |              8 |         2.67 |
|  inst_CLK_RST_MANAGER/inst_pll/inst/clk_out1 | inst_uart_axi_lite_bridge/inst_uart_rx/next_o_byte_update                     | inst_CLK_RST_MANAGER/inst_olo_base_sys_reset_gen/DsSync[2]        |                1 |              8 |         8.00 |
|  inst_CLK_RST_MANAGER/inst_pll/inst/clk_out1 | inst_uart_axi_lite_bridge/inst_uart_rx/next_o_byte_valid                      | inst_CLK_RST_MANAGER/inst_olo_base_sys_reset_gen/DsSync[2]        |                2 |              8 |         4.00 |
|  inst_CLK_RST_MANAGER/inst_pll/inst/clk_out1 | inst_reglock/hwif_out[spi_tx_control][tx_data_valid][value]                   | inst_CLK_RST_MANAGER/inst_olo_base_sys_reset_gen/DsSync[2]        |                2 |              8 |         4.00 |
|  inst_CLK_RST_MANAGER/inst_pll/inst/clk_out1 | inst_spi_master/reg_o_rx_data_sr0                                             | inst_CLK_RST_MANAGER/inst_olo_base_sys_reset_gen/DsSync[2]        |                1 |              8 |         8.00 |
|  inst_CLK_RST_MANAGER/inst_pll/inst/clk_out1 | inst_uart_axi_lite_bridge/inst_uart_rx/recovery_elapsed_0                     | inst_CLK_RST_MANAGER/inst_olo_base_sys_reset_gen/DsSync[2]        |                2 |              9 |         4.50 |
|  inst_CLK_RST_MANAGER/inst_pll/inst/clk_out1 | inst_reglock/arst19_out                                                       | inst_CLK_RST_MANAGER/inst_olo_base_sys_reset_gen/DsSync[2]        |                2 |              9 |         4.50 |
|  inst_CLK_RST_MANAGER/inst_pll/inst/clk_out2 | inst_vga/sel                                                                  | inst_CLK_RST_MANAGER/inst_olo_base_vga_reset_gen/DsSync[2]        |                2 |             10 |         5.00 |
|  inst_CLK_RST_MANAGER/inst_pll/inst/clk_out2 |                                                                               |                                                                   |                8 |             12 |         1.50 |
|  inst_CLK_RST_MANAGER/inst_pll/inst/clk_out1 | inst_vga/inst_olo_base_cc_status/VldIn                                        |                                                                   |                3 |             12 |         4.00 |
|  inst_CLK_RST_MANAGER/inst_pll/inst/clk_out2 | inst_vga/inst_olo_base_cc_status/i_scc/i_pulse_cc/E[0]                        |                                                                   |                2 |             12 |         6.00 |
|  inst_CLK_RST_MANAGER/inst_pll/inst/clk_out1 |                                                                               |                                                                   |                8 |             12 |         1.50 |
|  inst_CLK_RST_MANAGER/inst_pll/inst/clk_out1 | inst_reglock/arst22_out                                                       | inst_CLK_RST_MANAGER/inst_olo_base_sys_reset_gen/DsSync[2]        |                4 |             12 |         3.00 |
|  inst_CLK_RST_MANAGER/inst_pll/inst/clk_out1 | inst_uart_axi_lite_bridge/inst_uart_tx/reg_tx_data[8]_i_1_n_0                 | inst_CLK_RST_MANAGER/inst_olo_base_sys_reset_gen/DsSync[2]        |                3 |             13 |         4.33 |
|  inst_CLK_RST_MANAGER/inst_pll/inst/clk_out2 |                                                                               | inst_CLK_RST_MANAGER/inst_olo_base_vga_reset_gen/DsSync[2]        |                7 |             25 |         3.57 |
|  inst_CLK_RST_MANAGER/inst_pll/inst/clk_out1 | inst_reglock/arst16_out                                                       | inst_CLK_RST_MANAGER/inst_olo_base_sys_reset_gen/DsSync[2]        |               12 |             32 |         2.67 |
|  inst_CLK_RST_MANAGER/inst_pll/inst/clk_out1 | inst_reglock/axil_resp_buffer[0][rdata][0]                                    | inst_CLK_RST_MANAGER/inst_olo_base_sys_reset_gen/DsSync[2]        |                8 |             32 |         4.00 |
|  inst_CLK_RST_MANAGER/inst_pll/inst/clk_out1 | inst_reglock/arst2_out                                                        | inst_CLK_RST_MANAGER/inst_olo_base_sys_reset_gen/DsSync[2]        |               12 |             32 |         2.67 |
|  inst_CLK_RST_MANAGER/inst_pll/inst/clk_out1 | inst_reglock/axil_resp_buffer[1][rdata][0]                                    | inst_CLK_RST_MANAGER/inst_olo_base_sys_reset_gen/DsSync[2]        |                7 |             32 |         4.57 |
|  inst_CLK_RST_MANAGER/inst_pll/inst/clk_out1 | inst_uart_axi_lite_bridge/inst_uart_rx/E[0]                                   | inst_CLK_RST_MANAGER/inst_olo_base_sys_reset_gen/DsSync[2]        |               10 |             32 |         3.20 |
|  inst_CLK_RST_MANAGER/inst_pll/inst/clk_out1 | inst_reglock/E[0]                                                             | inst_CLK_RST_MANAGER/inst_olo_base_sys_reset_gen/DsSync[2]        |                7 |             33 |         4.71 |
|  inst_CLK_RST_MANAGER/inst_pll/inst/clk_out1 |                                                                               | inst_CLK_RST_MANAGER/inst_olo_base_sys_reset_gen/DsSync[2]        |               66 |            222 |         3.36 |
+----------------------------------------------+-------------------------------------------------------------------------------+-------------------------------------------------------------------+------------------+----------------+--------------+
